// Jest Snapshot v1, https://goo.gl/fbAQLP

exports[`x-styling-demo renders a default Styling 1`] = `
<button
  className="Button_button__vS7Mv"
>
  Click me!
</button>
`;
