// Jest Snapshot v1, https://goo.gl/fbAQLP

exports[`PodcastLaunchers should hide itself if an RSS URL could not be generated 1`] = `""`;

exports[`PodcastLaunchers should render the app links based on concept Id 1`] = `
<div
  data-trackable="podcast-launchers"
>
  <h2>
    Subscribe via your installed podcast app
  </h2>
  <ul>
    <li
      className={null}
    >
      <a
        data-trackable="apple-podcasts"
        href="podcast://acast.access/rss/therachmanreview/123-abc"
      >
        Apple Podcasts
      </a>
    </li>
    <li
      className={null}
    >
      <a
        data-trackable="overcast"
        href="overcast://x-callback-url/add?url=https://acast.access/rss/therachmanreview/123-abc"
      >
        Overcast
      </a>
    </li>
    <li
      className={null}
    >
      <a
        data-trackable="pocket-casts"
        href="pktc://subscribe/acast.access/rss/therachmanreview/123-abc"
      >
        Pocket Casts
      </a>
    </li>
    <li
      className={null}
    >
      <a
        data-trackable="podcast-addict"
        href="podcastaddict://acast.access/rss/therachmanreview/123-abc"
      >
        Podcast Addict
      </a>
    </li>
    <li
      className={null}
    >
      <a
        data-trackable="acast"
        href="acast://subscribe/https://acast.access/rss/therachmanreview/123-abc"
      >
        Acast
      </a>
    </li>
    <li>
      <span
        className="  "
      >
        <input
          readOnly={true}
          type="text"
          value="https://acast.access/rss/therachmanreview/123-abc"
        />
        <button
          data-trackable="copy-rss"
          data-url="https://acast.access/rss/therachmanreview/123-abc"
          onClick={[Function]}
          type="button"
        >
          Copy RSS
        </button>
      </span>
    </li>
  </ul>
  <div
    className="podcast-launchers__no-app-wrapper "
  >
    <h2>
      Canâ€™t see your podcast app?
    </h2>
    <p>
      Get updates for new episodes
    </p>
    <form
      action="/__myft/api/core/followed/concept/e0f2acb4-4177-436d-a783-b8c80ec2a6ac?method=put"
      data-concept-id="e0f2acb4-4177-436d-a783-b8c80ec2a6ac"
      method="GET"
      onSubmit={[Function]}
    >
      <button
        aria-label="Add undefined to myFT"
        aria-pressed="false"
        className="main_button__3Mk67"
        dangerouslySetInnerHTML={
          Object {
            "__html": "Add to myFT",
          }
        }
        data-concept-id="e0f2acb4-4177-436d-a783-b8c80ec2a6ac"
        data-trackable="follow"
        data-trackable-context-messaging={null}
        title="Add undefined to myFT"
        type="submit"
      />
    </form>
  </div>
</div>
`;
